// Jest Snapshot v1, https://goo.gl/fbAQLP

exports[`DateTimePicker renders without dateFunsUtils 1`] = `
Object {
  "asFragment": [Function],
  "baseElement": <body>
    <div>
      <div
        class="MuiFormControl-root-2 MuiTextField-root-1 MuiFormControl-fullWidth-5"
        format="yyyy-MM-dd h:mm a"
      >
        <div
          class="MuiInputBase-root-20 MuiInput-root-6 MuiInput-underline-11 MuiInputBase-fullWidth-30 MuiInput-fullWidth-15 MuiInputBase-formControl-21 MuiInput-formControl-7"
        >
          <input
            aria-invalid="false"
            class="MuiInputBase-input-31 MuiInput-input-16"
            readonly=""
            type="text"
            value="2019-10-18 12:00 AM"
          />
        </div>
      </div>
    </div>
  </body>,
  "container": <div>
    <div
      class="MuiFormControl-root-2 MuiTextField-root-1 MuiFormControl-fullWidth-5"
      format="yyyy-MM-dd h:mm a"
    >
      <div
        class="MuiInputBase-root-20 MuiInput-root-6 MuiInput-underline-11 MuiInputBase-fullWidth-30 MuiInput-fullWidth-15 MuiInputBase-formControl-21 MuiInput-formControl-7"
      >
        <input
          aria-invalid="false"
          class="MuiInputBase-input-31 MuiInput-input-16"
          readonly=""
          type="text"
          value="2019-10-18 12:00 AM"
        />
      </div>
    </div>
  </div>,
  "debug": [Function],
  "findAllByAltText": [Function],
  "findAllByDisplayValue": [Function],
  "findAllByLabelText": [Function],
  "findAllByPlaceholderText": [Function],
  "findAllByRole": [Function],
  "findAllByTestId": [Function],
  "findAllByText": [Function],
  "findAllByTitle": [Function],
  "findByAltText": [Function],
  "findByDisplayValue": [Function],
  "findByLabelText": [Function],
  "findByPlaceholderText": [Function],
  "findByRole": [Function],
  "findByTestId": [Function],
  "findByText": [Function],
  "findByTitle": [Function],
  "getAllByAltText": [Function],
  "getAllByDisplayValue": [Function],
  "getAllByLabelText": [Function],
  "getAllByPlaceholderText": [Function],
  "getAllByRole": [Function],
  "getAllByTestId": [Function],
  "getAllByText": [Function],
  "getAllByTitle": [Function],
  "getByAltText": [Function],
  "getByDisplayValue": [Function],
  "getByLabelText": [Function],
  "getByPlaceholderText": [Function],
  "getByRole": [Function],
  "getByTestId": [Function],
  "getByText": [Function],
  "getByTitle": [Function],
  "queryAllByAltText": [Function],
  "queryAllByDisplayValue": [Function],
  "queryAllByLabelText": [Function],
  "queryAllByPlaceholderText": [Function],
  "queryAllByRole": [Function],
  "queryAllByTestId": [Function],
  "queryAllByText": [Function],
  "queryAllByTitle": [Function],
  "queryByAltText": [Function],
  "queryByDisplayValue": [Function],
  "queryByLabelText": [Function],
  "queryByPlaceholderText": [Function],
  "queryByRole": [Function],
  "queryByTestId": [Function],
  "queryByText": [Function],
  "queryByTitle": [Function],
  "rerender": [Function],
  "unmount": [Function],
}
`;

exports[`DateTimePicker renders without errors 1`] = `
Object {
  "asFragment": [Function],
  "baseElement": <body>
    <div>
      <form
        novalidate=""
      >
        <div
          class="MuiFormControl-root-2 MuiTextField-root-1 MuiFormControl-marginNormal-3 MuiFormControl-fullWidth-5"
          format="yyyy-MM-dd h:mm a"
        >
          <label
            class="MuiFormLabel-root-18 MuiInputLabel-root-6 MuiInputLabel-formControl-12 MuiInputLabel-animated-15 MuiInputLabel-shrink-14 MuiFormLabel-filled-23 MuiFormLabel-required-24 MuiInputLabel-required-10"
            data-shrink="true"
          >
            Test
            <span
              aria-hidden="true"
              class="MuiFormLabel-asterisk-25 MuiInputLabel-asterisk-11"
            >
               
              *
            </span>
          </label>
          <div
            class="MuiInputBase-root-40 MuiInput-root-26 MuiInput-underline-31 MuiInputBase-fullWidth-50 MuiInput-fullWidth-35 MuiInputBase-formControl-41 MuiInput-formControl-27"
          >
            <input
              aria-invalid="false"
              class="MuiInputBase-input-51 MuiInput-input-36"
              name="date"
              readonly=""
              required=""
              type="text"
              value="2019-10-18 12:00 AM"
            />
          </div>
        </div>
      </form>
    </div>
  </body>,
  "container": <div>
    <form
      novalidate=""
    >
      <div
        class="MuiFormControl-root-2 MuiTextField-root-1 MuiFormControl-marginNormal-3 MuiFormControl-fullWidth-5"
        format="yyyy-MM-dd h:mm a"
      >
        <label
          class="MuiFormLabel-root-18 MuiInputLabel-root-6 MuiInputLabel-formControl-12 MuiInputLabel-animated-15 MuiInputLabel-shrink-14 MuiFormLabel-filled-23 MuiFormLabel-required-24 MuiInputLabel-required-10"
          data-shrink="true"
        >
          Test
          <span
            aria-hidden="true"
            class="MuiFormLabel-asterisk-25 MuiInputLabel-asterisk-11"
          >
             
            *
          </span>
        </label>
        <div
          class="MuiInputBase-root-40 MuiInput-root-26 MuiInput-underline-31 MuiInputBase-fullWidth-50 MuiInput-fullWidth-35 MuiInputBase-formControl-41 MuiInput-formControl-27"
        >
          <input
            aria-invalid="false"
            class="MuiInputBase-input-51 MuiInput-input-36"
            name="date"
            readonly=""
            required=""
            type="text"
            value="2019-10-18 12:00 AM"
          />
        </div>
      </div>
    </form>
  </div>,
  "debug": [Function],
  "findAllByAltText": [Function],
  "findAllByDisplayValue": [Function],
  "findAllByLabelText": [Function],
  "findAllByPlaceholderText": [Function],
  "findAllByRole": [Function],
  "findAllByTestId": [Function],
  "findAllByText": [Function],
  "findAllByTitle": [Function],
  "findByAltText": [Function],
  "findByDisplayValue": [Function],
  "findByLabelText": [Function],
  "findByPlaceholderText": [Function],
  "findByRole": [Function],
  "findByTestId": [Function],
  "findByText": [Function],
  "findByTitle": [Function],
  "getAllByAltText": [Function],
  "getAllByDisplayValue": [Function],
  "getAllByLabelText": [Function],
  "getAllByPlaceholderText": [Function],
  "getAllByRole": [Function],
  "getAllByTestId": [Function],
  "getAllByText": [Function],
  "getAllByTitle": [Function],
  "getByAltText": [Function],
  "getByDisplayValue": [Function],
  "getByLabelText": [Function],
  "getByPlaceholderText": [Function],
  "getByRole": [Function],
  "getByTestId": [Function],
  "getByText": [Function],
  "getByTitle": [Function],
  "queryAllByAltText": [Function],
  "queryAllByDisplayValue": [Function],
  "queryAllByLabelText": [Function],
  "queryAllByPlaceholderText": [Function],
  "queryAllByRole": [Function],
  "queryAllByTestId": [Function],
  "queryAllByText": [Function],
  "queryAllByTitle": [Function],
  "queryByAltText": [Function],
  "queryByDisplayValue": [Function],
  "queryByLabelText": [Function],
  "queryByPlaceholderText": [Function],
  "queryByRole": [Function],
  "queryByTestId": [Function],
  "queryByText": [Function],
  "queryByTitle": [Function],
  "rerender": [Function],
  "unmount": [Function],
}
`;
