// Jest Snapshot v1, https://goo.gl/fbAQLP

exports[`Validate multiple validation errors can render multiple errors 1`] = `
<div>
  <form
    novalidate=""
  >
    <div
      class="MuiFormControl-root-2 MuiTextField-root-1 MuiFormControl-fullWidth-5"
    >
      <label
        class="MuiFormLabel-root-18 MuiInputLabel-root-6 MuiInputLabel-formControl-12 MuiInputLabel-animated-15 MuiInputLabel-shrink-14 MuiFormLabel-error-22 MuiInputLabel-error-9 MuiFormLabel-filled-23 MuiFormLabel-required-24 MuiInputLabel-required-10"
        data-shrink="true"
      >
        Test
        <span
          aria-hidden="true"
          class="MuiFormLabel-asterisk-25 MuiInputLabel-asterisk-11 MuiFormLabel-error-22 MuiInputLabel-error-9"
        >
           
          *
        </span>
      </label>
      <div
        class="MuiInputBase-root-40 MuiInput-root-26 MuiInput-underline-31 MuiInputBase-error-46 MuiInput-error-32 MuiInputBase-fullWidth-50 MuiInput-fullWidth-35 MuiInputBase-formControl-41 MuiInput-formControl-27"
      >
        <input
          aria-invalid="true"
          class="MuiInputBase-input-51 MuiInput-input-36"
          data-testid="textfield"
          name="hello"
          required=""
          type="text"
          value="no email"
        />
      </div>
      <p
        class="MuiFormHelperText-root-58 MuiFormHelperText-error-59 MuiFormHelperText-filled-64 MuiFormHelperText-required-65"
      >
        field_too_short: hello
        field_not_email: hello
      </p>
    </div>
  </form>
</div>
`;

exports[`Validate multiple validation errors can render multiple errors in separate elements 1`] = `
<div>
  <form
    novalidate=""
  >
    <div
      class="MuiFormControl-root-2 MuiTextField-root-1 MuiFormControl-fullWidth-5"
    >
      <label
        class="MuiFormLabel-root-18 MuiInputLabel-root-6 MuiInputLabel-formControl-12 MuiInputLabel-animated-15 MuiInputLabel-shrink-14 MuiFormLabel-error-22 MuiInputLabel-error-9 MuiFormLabel-filled-23 MuiFormLabel-required-24 MuiInputLabel-required-10"
        data-shrink="true"
      >
        Test
        <span
          aria-hidden="true"
          class="MuiFormLabel-asterisk-25 MuiInputLabel-asterisk-11 MuiFormLabel-error-22 MuiInputLabel-error-9"
        >
           
          *
        </span>
      </label>
      <div
        class="MuiInputBase-root-40 MuiInput-root-26 MuiInput-underline-31 MuiInputBase-error-46 MuiInput-error-32 MuiInputBase-fullWidth-50 MuiInput-fullWidth-35 MuiInputBase-formControl-41 MuiInput-formControl-27"
      >
        <input
          aria-invalid="true"
          class="MuiInputBase-input-51 MuiInput-input-36"
          data-testid="textfield"
          name="hello"
          required=""
          type="text"
          value="no email"
        />
      </div>
      <p
        class="MuiFormHelperText-root-58 MuiFormHelperText-error-59 MuiFormHelperText-filled-64 MuiFormHelperText-required-65"
      >
        <span
          data-testid="error_field"
        >
          field_too_short
          : 
          hello
        </span>
        <span
          data-testid="error_field"
        >
          field_not_email
          : 
          hello
        </span>
      </p>
    </div>
  </form>
</div>
`;
